[0.082s] DEBUG:colcon:Command line arguments: ['/usr/bin/colcon', 'build']
[0.082s] DEBUG:colcon:Parsed command line arguments: Namespace(log_base=None, log_level=None, verb_name='build', build_base='build', install_base='install', merge_install=False, symlink_install=False, test_result_base=None, continue_on_error=False, executor='parallel', parallel_workers=16, event_handlers=None, ignore_user_meta=False, metas=['./colcon.meta'], base_paths=['.'], packages_ignore=None, packages_ignore_regex=None, paths=None, packages_up_to=None, packages_up_to_regex=None, packages_above=None, packages_above_and_dependencies=None, packages_above_depth=None, packages_select_by_dep=None, packages_skip_by_dep=None, packages_skip_up_to=None, packages_select_build_failed=False, packages_skip_build_finished=False, packages_select_test_failures=False, packages_skip_test_passed=False, packages_select=None, packages_skip=None, packages_select_regex=None, packages_skip_regex=None, packages_start=None, packages_end=None, cmake_args=None, cmake_target=None, cmake_target_skip_unavailable=False, cmake_clean_cache=False, cmake_clean_first=False, cmake_force_configure=False, ament_cmake_args=None, catkin_cmake_args=None, catkin_skip_building_tests=False, verb_parser=<colcon_defaults.argument_parser.defaults.DefaultArgumentsDecorator object at 0x760995ffd790>, verb_extension=<colcon_core.verb.build.BuildVerb object at 0x7609961a35f0>, main=<bound method BuildVerb.main of <colcon_core.verb.build.BuildVerb object at 0x7609961a35f0>>)
[0.115s] Level 1:colcon.colcon_core.package_discovery:discover_packages(colcon_meta) check parameters
[0.115s] Level 1:colcon.colcon_core.package_discovery:discover_packages(recursive) check parameters
[0.115s] Level 1:colcon.colcon_core.package_discovery:discover_packages(ignore) check parameters
[0.115s] Level 1:colcon.colcon_core.package_discovery:discover_packages(path) check parameters
[0.115s] Level 1:colcon.colcon_core.package_discovery:discover_packages(colcon_meta) discover
[0.115s] Level 1:colcon.colcon_core.package_discovery:discover_packages(recursive) discover
[0.115s] INFO:colcon.colcon_core.package_discovery:Crawling recursively for packages in '/home/kyyrron/ros2_ws/src/BlueBoat-SideScanSonar/BlueBoat-MCS'
[0.115s] Level 1:colcon.colcon_core.package_identification:_identify(.) by extensions ['ignore', 'ignore_ament_install']
[0.115s] Level 1:colcon.colcon_core.package_identification:_identify(.) by extension 'ignore'
[0.115s] Level 1:colcon.colcon_core.package_identification:_identify(.) by extension 'ignore_ament_install'
[0.115s] Level 1:colcon.colcon_core.package_identification:_identify(.) by extensions ['colcon_pkg']
[0.115s] Level 1:colcon.colcon_core.package_identification:_identify(.) by extension 'colcon_pkg'
[0.115s] Level 1:colcon.colcon_core.package_identification:_identify(.) by extensions ['colcon_meta']
[0.115s] Level 1:colcon.colcon_core.package_identification:_identify(.) by extension 'colcon_meta'
[0.115s] Level 1:colcon.colcon_core.package_identification:_identify(.) by extensions ['ros']
[0.115s] Level 1:colcon.colcon_core.package_identification:_identify(.) by extension 'ros'
[0.136s] Level 1:colcon.colcon_core.package_identification:_identify(.) by extensions ['cmake', 'python']
[0.137s] Level 1:colcon.colcon_core.package_identification:_identify(.) by extension 'cmake'
[0.137s] Level 1:colcon.colcon_core.package_identification:_identify(.) by extension 'python'
[0.137s] Level 1:colcon.colcon_core.package_identification:_identify(.) by extensions ['python_setup_py']
[0.137s] Level 1:colcon.colcon_core.package_identification:_identify(.) by extension 'python_setup_py'
[0.137s] Level 1:colcon.colcon_core.package_identification:_identify(__pycache__) by extensions ['ignore', 'ignore_ament_install']
[0.137s] Level 1:colcon.colcon_core.package_identification:_identify(__pycache__) by extension 'ignore'
[0.137s] Level 1:colcon.colcon_core.package_identification:_identify(__pycache__) by extension 'ignore_ament_install'
[0.137s] Level 1:colcon.colcon_core.package_identification:_identify(__pycache__) by extensions ['colcon_pkg']
[0.137s] Level 1:colcon.colcon_core.package_identification:_identify(__pycache__) by extension 'colcon_pkg'
[0.137s] Level 1:colcon.colcon_core.package_identification:_identify(__pycache__) by extensions ['colcon_meta']
[0.137s] Level 1:colcon.colcon_core.package_identification:_identify(__pycache__) by extension 'colcon_meta'
[0.137s] Level 1:colcon.colcon_core.package_identification:_identify(__pycache__) by extensions ['ros']
[0.137s] Level 1:colcon.colcon_core.package_identification:_identify(__pycache__) by extension 'ros'
[0.137s] Level 1:colcon.colcon_core.package_identification:_identify(__pycache__) by extensions ['cmake', 'python']
[0.137s] Level 1:colcon.colcon_core.package_identification:_identify(__pycache__) by extension 'cmake'
[0.137s] Level 1:colcon.colcon_core.package_identification:_identify(__pycache__) by extension 'python'
[0.137s] Level 1:colcon.colcon_core.package_identification:_identify(__pycache__) by extensions ['python_setup_py']
[0.137s] Level 1:colcon.colcon_core.package_identification:_identify(__pycache__) by extension 'python_setup_py'
[0.137s] Level 1:colcon.colcon_core.package_identification:_identify(build) by extensions ['ignore', 'ignore_ament_install']
[0.137s] Level 1:colcon.colcon_core.package_identification:_identify(build) by extension 'ignore'
[0.137s] Level 1:colcon.colcon_core.package_identification:_identify(build) ignored
[0.137s] Level 1:colcon.colcon_core.package_identification:_identify(docs) by extensions ['ignore', 'ignore_ament_install']
[0.137s] Level 1:colcon.colcon_core.package_identification:_identify(docs) by extension 'ignore'
[0.137s] Level 1:colcon.colcon_core.package_identification:_identify(docs) by extension 'ignore_ament_install'
[0.137s] Level 1:colcon.colcon_core.package_identification:_identify(docs) by extensions ['colcon_pkg']
[0.137s] Level 1:colcon.colcon_core.package_identification:_identify(docs) by extension 'colcon_pkg'
[0.137s] Level 1:colcon.colcon_core.package_identification:_identify(docs) by extensions ['colcon_meta']
[0.137s] Level 1:colcon.colcon_core.package_identification:_identify(docs) by extension 'colcon_meta'
[0.138s] Level 1:colcon.colcon_core.package_identification:_identify(docs) by extensions ['ros']
[0.138s] Level 1:colcon.colcon_core.package_identification:_identify(docs) by extension 'ros'
[0.138s] Level 1:colcon.colcon_core.package_identification:_identify(docs) by extensions ['cmake', 'python']
[0.138s] Level 1:colcon.colcon_core.package_identification:_identify(docs) by extension 'cmake'
[0.138s] Level 1:colcon.colcon_core.package_identification:_identify(docs) by extension 'python'
[0.138s] Level 1:colcon.colcon_core.package_identification:_identify(docs) by extensions ['python_setup_py']
[0.138s] Level 1:colcon.colcon_core.package_identification:_identify(docs) by extension 'python_setup_py'
[0.138s] Level 1:colcon.colcon_core.package_identification:_identify(install) by extensions ['ignore', 'ignore_ament_install']
[0.138s] Level 1:colcon.colcon_core.package_identification:_identify(install) by extension 'ignore'
[0.138s] Level 1:colcon.colcon_core.package_identification:_identify(install) ignored
[0.138s] Level 1:colcon.colcon_core.package_identification:_identify(log) by extensions ['ignore', 'ignore_ament_install']
[0.138s] Level 1:colcon.colcon_core.package_identification:_identify(log) by extension 'ignore'
[0.138s] Level 1:colcon.colcon_core.package_identification:_identify(log) ignored
[0.138s] Level 1:colcon.colcon_core.package_identification:_identify(mcs) by extensions ['ignore', 'ignore_ament_install']
[0.138s] Level 1:colcon.colcon_core.package_identification:_identify(mcs) by extension 'ignore'
[0.138s] Level 1:colcon.colcon_core.package_identification:_identify(mcs) by extension 'ignore_ament_install'
[0.138s] Level 1:colcon.colcon_core.package_identification:_identify(mcs) by extensions ['colcon_pkg']
[0.138s] Level 1:colcon.colcon_core.package_identification:_identify(mcs) by extension 'colcon_pkg'
[0.138s] Level 1:colcon.colcon_core.package_identification:_identify(mcs) by extensions ['colcon_meta']
[0.138s] Level 1:colcon.colcon_core.package_identification:_identify(mcs) by extension 'colcon_meta'
[0.138s] Level 1:colcon.colcon_core.package_identification:_identify(mcs) by extensions ['ros']
[0.138s] Level 1:colcon.colcon_core.package_identification:_identify(mcs) by extension 'ros'
[0.138s] Level 1:colcon.colcon_core.package_identification:_identify(mcs) by extensions ['cmake', 'python']
[0.138s] Level 1:colcon.colcon_core.package_identification:_identify(mcs) by extension 'cmake'
[0.138s] Level 1:colcon.colcon_core.package_identification:_identify(mcs) by extension 'python'
[0.138s] Level 1:colcon.colcon_core.package_identification:_identify(mcs) by extensions ['python_setup_py']
[0.138s] Level 1:colcon.colcon_core.package_identification:_identify(mcs) by extension 'python_setup_py'
[0.138s] Level 1:colcon.colcon_core.package_identification:_identify(mcs/__pycache__) by extensions ['ignore', 'ignore_ament_install']
[0.138s] Level 1:colcon.colcon_core.package_identification:_identify(mcs/__pycache__) by extension 'ignore'
[0.138s] Level 1:colcon.colcon_core.package_identification:_identify(mcs/__pycache__) by extension 'ignore_ament_install'
[0.138s] Level 1:colcon.colcon_core.package_identification:_identify(mcs/__pycache__) by extensions ['colcon_pkg']
[0.138s] Level 1:colcon.colcon_core.package_identification:_identify(mcs/__pycache__) by extension 'colcon_pkg'
[0.138s] Level 1:colcon.colcon_core.package_identification:_identify(mcs/__pycache__) by extensions ['colcon_meta']
[0.138s] Level 1:colcon.colcon_core.package_identification:_identify(mcs/__pycache__) by extension 'colcon_meta'
[0.138s] Level 1:colcon.colcon_core.package_identification:_identify(mcs/__pycache__) by extensions ['ros']
[0.138s] Level 1:colcon.colcon_core.package_identification:_identify(mcs/__pycache__) by extension 'ros'
[0.138s] Level 1:colcon.colcon_core.package_identification:_identify(mcs/__pycache__) by extensions ['cmake', 'python']
[0.138s] Level 1:colcon.colcon_core.package_identification:_identify(mcs/__pycache__) by extension 'cmake'
[0.138s] Level 1:colcon.colcon_core.package_identification:_identify(mcs/__pycache__) by extension 'python'
[0.138s] Level 1:colcon.colcon_core.package_identification:_identify(mcs/__pycache__) by extensions ['python_setup_py']
[0.138s] Level 1:colcon.colcon_core.package_identification:_identify(mcs/__pycache__) by extension 'python_setup_py'
[0.139s] Level 1:colcon.colcon_core.package_identification:_identify(mcs/config) by extensions ['ignore', 'ignore_ament_install']
[0.139s] Level 1:colcon.colcon_core.package_identification:_identify(mcs/config) by extension 'ignore'
[0.139s] Level 1:colcon.colcon_core.package_identification:_identify(mcs/config) by extension 'ignore_ament_install'
[0.139s] Level 1:colcon.colcon_core.package_identification:_identify(mcs/config) by extensions ['colcon_pkg']
[0.139s] Level 1:colcon.colcon_core.package_identification:_identify(mcs/config) by extension 'colcon_pkg'
[0.139s] Level 1:colcon.colcon_core.package_identification:_identify(mcs/config) by extensions ['colcon_meta']
[0.139s] Level 1:colcon.colcon_core.package_identification:_identify(mcs/config) by extension 'colcon_meta'
[0.139s] Level 1:colcon.colcon_core.package_identification:_identify(mcs/config) by extensions ['ros']
[0.139s] Level 1:colcon.colcon_core.package_identification:_identify(mcs/config) by extension 'ros'
[0.139s] Level 1:colcon.colcon_core.package_identification:_identify(mcs/config) by extensions ['cmake', 'python']
[0.139s] Level 1:colcon.colcon_core.package_identification:_identify(mcs/config) by extension 'cmake'
[0.139s] Level 1:colcon.colcon_core.package_identification:_identify(mcs/config) by extension 'python'
[0.139s] Level 1:colcon.colcon_core.package_identification:_identify(mcs/config) by extensions ['python_setup_py']
[0.139s] Level 1:colcon.colcon_core.package_identification:_identify(mcs/config) by extension 'python_setup_py'
[0.139s] Level 1:colcon.colcon_core.package_identification:_identify(mcs/config/__pycache__) by extensions ['ignore', 'ignore_ament_install']
[0.139s] Level 1:colcon.colcon_core.package_identification:_identify(mcs/config/__pycache__) by extension 'ignore'
[0.139s] Level 1:colcon.colcon_core.package_identification:_identify(mcs/config/__pycache__) by extension 'ignore_ament_install'
[0.139s] Level 1:colcon.colcon_core.package_identification:_identify(mcs/config/__pycache__) by extensions ['colcon_pkg']
[0.139s] Level 1:colcon.colcon_core.package_identification:_identify(mcs/config/__pycache__) by extension 'colcon_pkg'
[0.139s] Level 1:colcon.colcon_core.package_identification:_identify(mcs/config/__pycache__) by extensions ['colcon_meta']
[0.139s] Level 1:colcon.colcon_core.package_identification:_identify(mcs/config/__pycache__) by extension 'colcon_meta'
[0.139s] Level 1:colcon.colcon_core.package_identification:_identify(mcs/config/__pycache__) by extensions ['ros']
[0.139s] Level 1:colcon.colcon_core.package_identification:_identify(mcs/config/__pycache__) by extension 'ros'
[0.139s] Level 1:colcon.colcon_core.package_identification:_identify(mcs/config/__pycache__) by extensions ['cmake', 'python']
[0.139s] Level 1:colcon.colcon_core.package_identification:_identify(mcs/config/__pycache__) by extension 'cmake'
[0.139s] Level 1:colcon.colcon_core.package_identification:_identify(mcs/config/__pycache__) by extension 'python'
[0.139s] Level 1:colcon.colcon_core.package_identification:_identify(mcs/config/__pycache__) by extensions ['python_setup_py']
[0.139s] Level 1:colcon.colcon_core.package_identification:_identify(mcs/config/__pycache__) by extension 'python_setup_py'
[0.139s] Level 1:colcon.colcon_core.package_identification:_identify(mcs/core) by extensions ['ignore', 'ignore_ament_install']
[0.139s] Level 1:colcon.colcon_core.package_identification:_identify(mcs/core) by extension 'ignore'
[0.139s] Level 1:colcon.colcon_core.package_identification:_identify(mcs/core) by extension 'ignore_ament_install'
[0.139s] Level 1:colcon.colcon_core.package_identification:_identify(mcs/core) by extensions ['colcon_pkg']
[0.139s] Level 1:colcon.colcon_core.package_identification:_identify(mcs/core) by extension 'colcon_pkg'
[0.139s] Level 1:colcon.colcon_core.package_identification:_identify(mcs/core) by extensions ['colcon_meta']
[0.139s] Level 1:colcon.colcon_core.package_identification:_identify(mcs/core) by extension 'colcon_meta'
[0.139s] Level 1:colcon.colcon_core.package_identification:_identify(mcs/core) by extensions ['ros']
[0.139s] Level 1:colcon.colcon_core.package_identification:_identify(mcs/core) by extension 'ros'
[0.139s] Level 1:colcon.colcon_core.package_identification:_identify(mcs/core) by extensions ['cmake', 'python']
[0.139s] Level 1:colcon.colcon_core.package_identification:_identify(mcs/core) by extension 'cmake'
[0.139s] Level 1:colcon.colcon_core.package_identification:_identify(mcs/core) by extension 'python'
[0.139s] Level 1:colcon.colcon_core.package_identification:_identify(mcs/core) by extensions ['python_setup_py']
[0.139s] Level 1:colcon.colcon_core.package_identification:_identify(mcs/core) by extension 'python_setup_py'
[0.139s] Level 1:colcon.colcon_core.package_identification:_identify(mcs/core/__pycache__) by extensions ['ignore', 'ignore_ament_install']
[0.139s] Level 1:colcon.colcon_core.package_identification:_identify(mcs/core/__pycache__) by extension 'ignore'
[0.140s] Level 1:colcon.colcon_core.package_identification:_identify(mcs/core/__pycache__) by extension 'ignore_ament_install'
[0.140s] Level 1:colcon.colcon_core.package_identification:_identify(mcs/core/__pycache__) by extensions ['colcon_pkg']
[0.140s] Level 1:colcon.colcon_core.package_identification:_identify(mcs/core/__pycache__) by extension 'colcon_pkg'
[0.140s] Level 1:colcon.colcon_core.package_identification:_identify(mcs/core/__pycache__) by extensions ['colcon_meta']
[0.140s] Level 1:colcon.colcon_core.package_identification:_identify(mcs/core/__pycache__) by extension 'colcon_meta'
[0.140s] Level 1:colcon.colcon_core.package_identification:_identify(mcs/core/__pycache__) by extensions ['ros']
[0.140s] Level 1:colcon.colcon_core.package_identification:_identify(mcs/core/__pycache__) by extension 'ros'
[0.140s] Level 1:colcon.colcon_core.package_identification:_identify(mcs/core/__pycache__) by extensions ['cmake', 'python']
[0.140s] Level 1:colcon.colcon_core.package_identification:_identify(mcs/core/__pycache__) by extension 'cmake'
[0.140s] Level 1:colcon.colcon_core.package_identification:_identify(mcs/core/__pycache__) by extension 'python'
[0.140s] Level 1:colcon.colcon_core.package_identification:_identify(mcs/core/__pycache__) by extensions ['python_setup_py']
[0.140s] Level 1:colcon.colcon_core.package_identification:_identify(mcs/core/__pycache__) by extension 'python_setup_py'
[0.140s] Level 1:colcon.colcon_core.package_identification:_identify(mcs/designer) by extensions ['ignore', 'ignore_ament_install']
[0.140s] Level 1:colcon.colcon_core.package_identification:_identify(mcs/designer) by extension 'ignore'
[0.140s] Level 1:colcon.colcon_core.package_identification:_identify(mcs/designer) by extension 'ignore_ament_install'
[0.140s] Level 1:colcon.colcon_core.package_identification:_identify(mcs/designer) by extensions ['colcon_pkg']
[0.140s] Level 1:colcon.colcon_core.package_identification:_identify(mcs/designer) by extension 'colcon_pkg'
[0.140s] Level 1:colcon.colcon_core.package_identification:_identify(mcs/designer) by extensions ['colcon_meta']
[0.140s] Level 1:colcon.colcon_core.package_identification:_identify(mcs/designer) by extension 'colcon_meta'
[0.140s] Level 1:colcon.colcon_core.package_identification:_identify(mcs/designer) by extensions ['ros']
[0.140s] Level 1:colcon.colcon_core.package_identification:_identify(mcs/designer) by extension 'ros'
[0.140s] Level 1:colcon.colcon_core.package_identification:_identify(mcs/designer) by extensions ['cmake', 'python']
[0.140s] Level 1:colcon.colcon_core.package_identification:_identify(mcs/designer) by extension 'cmake'
[0.140s] Level 1:colcon.colcon_core.package_identification:_identify(mcs/designer) by extension 'python'
[0.140s] Level 1:colcon.colcon_core.package_identification:_identify(mcs/designer) by extensions ['python_setup_py']
[0.140s] Level 1:colcon.colcon_core.package_identification:_identify(mcs/designer) by extension 'python_setup_py'
[0.140s] Level 1:colcon.colcon_core.package_identification:_identify(mcs/designer/__pycache__) by extensions ['ignore', 'ignore_ament_install']
[0.140s] Level 1:colcon.colcon_core.package_identification:_identify(mcs/designer/__pycache__) by extension 'ignore'
[0.140s] Level 1:colcon.colcon_core.package_identification:_identify(mcs/designer/__pycache__) by extension 'ignore_ament_install'
[0.140s] Level 1:colcon.colcon_core.package_identification:_identify(mcs/designer/__pycache__) by extensions ['colcon_pkg']
[0.140s] Level 1:colcon.colcon_core.package_identification:_identify(mcs/designer/__pycache__) by extension 'colcon_pkg'
[0.140s] Level 1:colcon.colcon_core.package_identification:_identify(mcs/designer/__pycache__) by extensions ['colcon_meta']
[0.140s] Level 1:colcon.colcon_core.package_identification:_identify(mcs/designer/__pycache__) by extension 'colcon_meta'
[0.140s] Level 1:colcon.colcon_core.package_identification:_identify(mcs/designer/__pycache__) by extensions ['ros']
[0.140s] Level 1:colcon.colcon_core.package_identification:_identify(mcs/designer/__pycache__) by extension 'ros'
[0.140s] Level 1:colcon.colcon_core.package_identification:_identify(mcs/designer/__pycache__) by extensions ['cmake', 'python']
[0.140s] Level 1:colcon.colcon_core.package_identification:_identify(mcs/designer/__pycache__) by extension 'cmake'
[0.140s] Level 1:colcon.colcon_core.package_identification:_identify(mcs/designer/__pycache__) by extension 'python'
[0.140s] Level 1:colcon.colcon_core.package_identification:_identify(mcs/designer/__pycache__) by extensions ['python_setup_py']
[0.140s] Level 1:colcon.colcon_core.package_identification:_identify(mcs/designer/__pycache__) by extension 'python_setup_py'
[0.140s] Level 1:colcon.colcon_core.package_identification:_identify(mcs/gui) by extensions ['ignore', 'ignore_ament_install']
[0.140s] Level 1:colcon.colcon_core.package_identification:_identify(mcs/gui) by extension 'ignore'
[0.140s] Level 1:colcon.colcon_core.package_identification:_identify(mcs/gui) by extension 'ignore_ament_install'
[0.140s] Level 1:colcon.colcon_core.package_identification:_identify(mcs/gui) by extensions ['colcon_pkg']
[0.141s] Level 1:colcon.colcon_core.package_identification:_identify(mcs/gui) by extension 'colcon_pkg'
[0.141s] Level 1:colcon.colcon_core.package_identification:_identify(mcs/gui) by extensions ['colcon_meta']
[0.141s] Level 1:colcon.colcon_core.package_identification:_identify(mcs/gui) by extension 'colcon_meta'
[0.141s] Level 1:colcon.colcon_core.package_identification:_identify(mcs/gui) by extensions ['ros']
[0.141s] Level 1:colcon.colcon_core.package_identification:_identify(mcs/gui) by extension 'ros'
[0.141s] Level 1:colcon.colcon_core.package_identification:_identify(mcs/gui) by extensions ['cmake', 'python']
[0.141s] Level 1:colcon.colcon_core.package_identification:_identify(mcs/gui) by extension 'cmake'
[0.141s] Level 1:colcon.colcon_core.package_identification:_identify(mcs/gui) by extension 'python'
[0.141s] Level 1:colcon.colcon_core.package_identification:_identify(mcs/gui) by extensions ['python_setup_py']
[0.141s] Level 1:colcon.colcon_core.package_identification:_identify(mcs/gui) by extension 'python_setup_py'
[0.141s] Level 1:colcon.colcon_core.package_identification:_identify(mcs/gui/__pycache__) by extensions ['ignore', 'ignore_ament_install']
[0.141s] Level 1:colcon.colcon_core.package_identification:_identify(mcs/gui/__pycache__) by extension 'ignore'
[0.141s] Level 1:colcon.colcon_core.package_identification:_identify(mcs/gui/__pycache__) by extension 'ignore_ament_install'
[0.141s] Level 1:colcon.colcon_core.package_identification:_identify(mcs/gui/__pycache__) by extensions ['colcon_pkg']
[0.141s] Level 1:colcon.colcon_core.package_identification:_identify(mcs/gui/__pycache__) by extension 'colcon_pkg'
[0.141s] Level 1:colcon.colcon_core.package_identification:_identify(mcs/gui/__pycache__) by extensions ['colcon_meta']
[0.141s] Level 1:colcon.colcon_core.package_identification:_identify(mcs/gui/__pycache__) by extension 'colcon_meta'
[0.141s] Level 1:colcon.colcon_core.package_identification:_identify(mcs/gui/__pycache__) by extensions ['ros']
[0.141s] Level 1:colcon.colcon_core.package_identification:_identify(mcs/gui/__pycache__) by extension 'ros'
[0.141s] Level 1:colcon.colcon_core.package_identification:_identify(mcs/gui/__pycache__) by extensions ['cmake', 'python']
[0.141s] Level 1:colcon.colcon_core.package_identification:_identify(mcs/gui/__pycache__) by extension 'cmake'
[0.141s] Level 1:colcon.colcon_core.package_identification:_identify(mcs/gui/__pycache__) by extension 'python'
[0.141s] Level 1:colcon.colcon_core.package_identification:_identify(mcs/gui/__pycache__) by extensions ['python_setup_py']
[0.141s] Level 1:colcon.colcon_core.package_identification:_identify(mcs/gui/__pycache__) by extension 'python_setup_py'
[0.141s] Level 1:colcon.colcon_core.package_identification:_identify(mcs/gui/dialogs) by extensions ['ignore', 'ignore_ament_install']
[0.141s] Level 1:colcon.colcon_core.package_identification:_identify(mcs/gui/dialogs) by extension 'ignore'
[0.141s] Level 1:colcon.colcon_core.package_identification:_identify(mcs/gui/dialogs) by extension 'ignore_ament_install'
[0.141s] Level 1:colcon.colcon_core.package_identification:_identify(mcs/gui/dialogs) by extensions ['colcon_pkg']
[0.141s] Level 1:colcon.colcon_core.package_identification:_identify(mcs/gui/dialogs) by extension 'colcon_pkg'
[0.141s] Level 1:colcon.colcon_core.package_identification:_identify(mcs/gui/dialogs) by extensions ['colcon_meta']
[0.141s] Level 1:colcon.colcon_core.package_identification:_identify(mcs/gui/dialogs) by extension 'colcon_meta'
[0.141s] Level 1:colcon.colcon_core.package_identification:_identify(mcs/gui/dialogs) by extensions ['ros']
[0.141s] Level 1:colcon.colcon_core.package_identification:_identify(mcs/gui/dialogs) by extension 'ros'
[0.141s] Level 1:colcon.colcon_core.package_identification:_identify(mcs/gui/dialogs) by extensions ['cmake', 'python']
[0.141s] Level 1:colcon.colcon_core.package_identification:_identify(mcs/gui/dialogs) by extension 'cmake'
[0.141s] Level 1:colcon.colcon_core.package_identification:_identify(mcs/gui/dialogs) by extension 'python'
[0.141s] Level 1:colcon.colcon_core.package_identification:_identify(mcs/gui/dialogs) by extensions ['python_setup_py']
[0.141s] Level 1:colcon.colcon_core.package_identification:_identify(mcs/gui/dialogs) by extension 'python_setup_py'
[0.141s] Level 1:colcon.colcon_core.package_identification:_identify(mcs/gui/dialogs/__pycache__) by extensions ['ignore', 'ignore_ament_install']
[0.141s] Level 1:colcon.colcon_core.package_identification:_identify(mcs/gui/dialogs/__pycache__) by extension 'ignore'
[0.141s] Level 1:colcon.colcon_core.package_identification:_identify(mcs/gui/dialogs/__pycache__) by extension 'ignore_ament_install'
[0.142s] Level 1:colcon.colcon_core.package_identification:_identify(mcs/gui/dialogs/__pycache__) by extensions ['colcon_pkg']
[0.142s] Level 1:colcon.colcon_core.package_identification:_identify(mcs/gui/dialogs/__pycache__) by extension 'colcon_pkg'
[0.142s] Level 1:colcon.colcon_core.package_identification:_identify(mcs/gui/dialogs/__pycache__) by extensions ['colcon_meta']
[0.142s] Level 1:colcon.colcon_core.package_identification:_identify(mcs/gui/dialogs/__pycache__) by extension 'colcon_meta'
[0.142s] Level 1:colcon.colcon_core.package_identification:_identify(mcs/gui/dialogs/__pycache__) by extensions ['ros']
[0.142s] Level 1:colcon.colcon_core.package_identification:_identify(mcs/gui/dialogs/__pycache__) by extension 'ros'
[0.142s] Level 1:colcon.colcon_core.package_identification:_identify(mcs/gui/dialogs/__pycache__) by extensions ['cmake', 'python']
[0.142s] Level 1:colcon.colcon_core.package_identification:_identify(mcs/gui/dialogs/__pycache__) by extension 'cmake'
[0.142s] Level 1:colcon.colcon_core.package_identification:_identify(mcs/gui/dialogs/__pycache__) by extension 'python'
[0.142s] Level 1:colcon.colcon_core.package_identification:_identify(mcs/gui/dialogs/__pycache__) by extensions ['python_setup_py']
[0.142s] Level 1:colcon.colcon_core.package_identification:_identify(mcs/gui/dialogs/__pycache__) by extension 'python_setup_py'
[0.142s] Level 1:colcon.colcon_core.package_identification:_identify(mcs/gui/map) by extensions ['ignore', 'ignore_ament_install']
[0.142s] Level 1:colcon.colcon_core.package_identification:_identify(mcs/gui/map) by extension 'ignore'
[0.142s] Level 1:colcon.colcon_core.package_identification:_identify(mcs/gui/map) by extension 'ignore_ament_install'
[0.142s] Level 1:colcon.colcon_core.package_identification:_identify(mcs/gui/map) by extensions ['colcon_pkg']
[0.142s] Level 1:colcon.colcon_core.package_identification:_identify(mcs/gui/map) by extension 'colcon_pkg'
[0.142s] Level 1:colcon.colcon_core.package_identification:_identify(mcs/gui/map) by extensions ['colcon_meta']
[0.142s] Level 1:colcon.colcon_core.package_identification:_identify(mcs/gui/map) by extension 'colcon_meta'
[0.142s] Level 1:colcon.colcon_core.package_identification:_identify(mcs/gui/map) by extensions ['ros']
[0.142s] Level 1:colcon.colcon_core.package_identification:_identify(mcs/gui/map) by extension 'ros'
[0.142s] Level 1:colcon.colcon_core.package_identification:_identify(mcs/gui/map) by extensions ['cmake', 'python']
[0.142s] Level 1:colcon.colcon_core.package_identification:_identify(mcs/gui/map) by extension 'cmake'
[0.142s] Level 1:colcon.colcon_core.package_identification:_identify(mcs/gui/map) by extension 'python'
[0.142s] Level 1:colcon.colcon_core.package_identification:_identify(mcs/gui/map) by extensions ['python_setup_py']
[0.142s] Level 1:colcon.colcon_core.package_identification:_identify(mcs/gui/map) by extension 'python_setup_py'
[0.142s] Level 1:colcon.colcon_core.package_identification:_identify(mcs/gui/map/__pycache__) by extensions ['ignore', 'ignore_ament_install']
[0.142s] Level 1:colcon.colcon_core.package_identification:_identify(mcs/gui/map/__pycache__) by extension 'ignore'
[0.142s] Level 1:colcon.colcon_core.package_identification:_identify(mcs/gui/map/__pycache__) by extension 'ignore_ament_install'
[0.142s] Level 1:colcon.colcon_core.package_identification:_identify(mcs/gui/map/__pycache__) by extensions ['colcon_pkg']
[0.142s] Level 1:colcon.colcon_core.package_identification:_identify(mcs/gui/map/__pycache__) by extension 'colcon_pkg'
[0.142s] Level 1:colcon.colcon_core.package_identification:_identify(mcs/gui/map/__pycache__) by extensions ['colcon_meta']
[0.142s] Level 1:colcon.colcon_core.package_identification:_identify(mcs/gui/map/__pycache__) by extension 'colcon_meta'
[0.142s] Level 1:colcon.colcon_core.package_identification:_identify(mcs/gui/map/__pycache__) by extensions ['ros']
[0.142s] Level 1:colcon.colcon_core.package_identification:_identify(mcs/gui/map/__pycache__) by extension 'ros'
[0.142s] Level 1:colcon.colcon_core.package_identification:_identify(mcs/gui/map/__pycache__) by extensions ['cmake', 'python']
[0.142s] Level 1:colcon.colcon_core.package_identification:_identify(mcs/gui/map/__pycache__) by extension 'cmake'
[0.142s] Level 1:colcon.colcon_core.package_identification:_identify(mcs/gui/map/__pycache__) by extension 'python'
[0.142s] Level 1:colcon.colcon_core.package_identification:_identify(mcs/gui/map/__pycache__) by extensions ['python_setup_py']
[0.142s] Level 1:colcon.colcon_core.package_identification:_identify(mcs/gui/map/__pycache__) by extension 'python_setup_py'
[0.143s] Level 1:colcon.colcon_core.package_identification:_identify(mcs/gui/plot) by extensions ['ignore', 'ignore_ament_install']
[0.143s] Level 1:colcon.colcon_core.package_identification:_identify(mcs/gui/plot) by extension 'ignore'
[0.143s] Level 1:colcon.colcon_core.package_identification:_identify(mcs/gui/plot) by extension 'ignore_ament_install'
[0.143s] Level 1:colcon.colcon_core.package_identification:_identify(mcs/gui/plot) by extensions ['colcon_pkg']
[0.143s] Level 1:colcon.colcon_core.package_identification:_identify(mcs/gui/plot) by extension 'colcon_pkg'
[0.143s] Level 1:colcon.colcon_core.package_identification:_identify(mcs/gui/plot) by extensions ['colcon_meta']
[0.143s] Level 1:colcon.colcon_core.package_identification:_identify(mcs/gui/plot) by extension 'colcon_meta'
[0.143s] Level 1:colcon.colcon_core.package_identification:_identify(mcs/gui/plot) by extensions ['ros']
[0.143s] Level 1:colcon.colcon_core.package_identification:_identify(mcs/gui/plot) by extension 'ros'
[0.143s] Level 1:colcon.colcon_core.package_identification:_identify(mcs/gui/plot) by extensions ['cmake', 'python']
[0.143s] Level 1:colcon.colcon_core.package_identification:_identify(mcs/gui/plot) by extension 'cmake'
[0.143s] Level 1:colcon.colcon_core.package_identification:_identify(mcs/gui/plot) by extension 'python'
[0.143s] Level 1:colcon.colcon_core.package_identification:_identify(mcs/gui/plot) by extensions ['python_setup_py']
[0.143s] Level 1:colcon.colcon_core.package_identification:_identify(mcs/gui/plot) by extension 'python_setup_py'
[0.143s] Level 1:colcon.colcon_core.package_identification:_identify(mcs/gui/plot/__pycache__) by extensions ['ignore', 'ignore_ament_install']
[0.143s] Level 1:colcon.colcon_core.package_identification:_identify(mcs/gui/plot/__pycache__) by extension 'ignore'
[0.143s] Level 1:colcon.colcon_core.package_identification:_identify(mcs/gui/plot/__pycache__) by extension 'ignore_ament_install'
[0.143s] Level 1:colcon.colcon_core.package_identification:_identify(mcs/gui/plot/__pycache__) by extensions ['colcon_pkg']
[0.143s] Level 1:colcon.colcon_core.package_identification:_identify(mcs/gui/plot/__pycache__) by extension 'colcon_pkg'
[0.143s] Level 1:colcon.colcon_core.package_identification:_identify(mcs/gui/plot/__pycache__) by extensions ['colcon_meta']
[0.143s] Level 1:colcon.colcon_core.package_identification:_identify(mcs/gui/plot/__pycache__) by extension 'colcon_meta'
[0.143s] Level 1:colcon.colcon_core.package_identification:_identify(mcs/gui/plot/__pycache__) by extensions ['ros']
[0.143s] Level 1:colcon.colcon_core.package_identification:_identify(mcs/gui/plot/__pycache__) by extension 'ros'
[0.143s] Level 1:colcon.colcon_core.package_identification:_identify(mcs/gui/plot/__pycache__) by extensions ['cmake', 'python']
[0.143s] Level 1:colcon.colcon_core.package_identification:_identify(mcs/gui/plot/__pycache__) by extension 'cmake'
[0.143s] Level 1:colcon.colcon_core.package_identification:_identify(mcs/gui/plot/__pycache__) by extension 'python'
[0.143s] Level 1:colcon.colcon_core.package_identification:_identify(mcs/gui/plot/__pycache__) by extensions ['python_setup_py']
[0.143s] Level 1:colcon.colcon_core.package_identification:_identify(mcs/gui/plot/__pycache__) by extension 'python_setup_py'
[0.143s] Level 1:colcon.colcon_core.package_identification:_identify(mcs/models) by extensions ['ignore', 'ignore_ament_install']
[0.143s] Level 1:colcon.colcon_core.package_identification:_identify(mcs/models) by extension 'ignore'
[0.143s] Level 1:colcon.colcon_core.package_identification:_identify(mcs/models) by extension 'ignore_ament_install'
[0.143s] Level 1:colcon.colcon_core.package_identification:_identify(mcs/models) by extensions ['colcon_pkg']
[0.143s] Level 1:colcon.colcon_core.package_identification:_identify(mcs/models) by extension 'colcon_pkg'
[0.143s] Level 1:colcon.colcon_core.package_identification:_identify(mcs/models) by extensions ['colcon_meta']
[0.143s] Level 1:colcon.colcon_core.package_identification:_identify(mcs/models) by extension 'colcon_meta'
[0.143s] Level 1:colcon.colcon_core.package_identification:_identify(mcs/models) by extensions ['ros']
[0.143s] Level 1:colcon.colcon_core.package_identification:_identify(mcs/models) by extension 'ros'
[0.143s] Level 1:colcon.colcon_core.package_identification:_identify(mcs/models) by extensions ['cmake', 'python']
[0.143s] Level 1:colcon.colcon_core.package_identification:_identify(mcs/models) by extension 'cmake'
[0.143s] Level 1:colcon.colcon_core.package_identification:_identify(mcs/models) by extension 'python'
[0.143s] Level 1:colcon.colcon_core.package_identification:_identify(mcs/models) by extensions ['python_setup_py']
[0.143s] Level 1:colcon.colcon_core.package_identification:_identify(mcs/models) by extension 'python_setup_py'
[0.143s] Level 1:colcon.colcon_core.package_identification:_identify(mcs/models/__pycache__) by extensions ['ignore', 'ignore_ament_install']
[0.144s] Level 1:colcon.colcon_core.package_identification:_identify(mcs/models/__pycache__) by extension 'ignore'
[0.144s] Level 1:colcon.colcon_core.package_identification:_identify(mcs/models/__pycache__) by extension 'ignore_ament_install'
[0.144s] Level 1:colcon.colcon_core.package_identification:_identify(mcs/models/__pycache__) by extensions ['colcon_pkg']
[0.144s] Level 1:colcon.colcon_core.package_identification:_identify(mcs/models/__pycache__) by extension 'colcon_pkg'
[0.144s] Level 1:colcon.colcon_core.package_identification:_identify(mcs/models/__pycache__) by extensions ['colcon_meta']
[0.144s] Level 1:colcon.colcon_core.package_identification:_identify(mcs/models/__pycache__) by extension 'colcon_meta'
[0.144s] Level 1:colcon.colcon_core.package_identification:_identify(mcs/models/__pycache__) by extensions ['ros']
[0.144s] Level 1:colcon.colcon_core.package_identification:_identify(mcs/models/__pycache__) by extension 'ros'
[0.144s] Level 1:colcon.colcon_core.package_identification:_identify(mcs/models/__pycache__) by extensions ['cmake', 'python']
[0.144s] Level 1:colcon.colcon_core.package_identification:_identify(mcs/models/__pycache__) by extension 'cmake'
[0.144s] Level 1:colcon.colcon_core.package_identification:_identify(mcs/models/__pycache__) by extension 'python'
[0.144s] Level 1:colcon.colcon_core.package_identification:_identify(mcs/models/__pycache__) by extensions ['python_setup_py']
[0.144s] Level 1:colcon.colcon_core.package_identification:_identify(mcs/models/__pycache__) by extension 'python_setup_py'
[0.144s] Level 1:colcon.colcon_core.package_identification:_identify(mcs/ros) by extensions ['ignore', 'ignore_ament_install']
[0.144s] Level 1:colcon.colcon_core.package_identification:_identify(mcs/ros) by extension 'ignore'
[0.144s] Level 1:colcon.colcon_core.package_identification:_identify(mcs/ros) by extension 'ignore_ament_install'
[0.144s] Level 1:colcon.colcon_core.package_identification:_identify(mcs/ros) by extensions ['colcon_pkg']
[0.144s] Level 1:colcon.colcon_core.package_identification:_identify(mcs/ros) by extension 'colcon_pkg'
[0.144s] Level 1:colcon.colcon_core.package_identification:_identify(mcs/ros) by extensions ['colcon_meta']
[0.144s] Level 1:colcon.colcon_core.package_identification:_identify(mcs/ros) by extension 'colcon_meta'
[0.144s] Level 1:colcon.colcon_core.package_identification:_identify(mcs/ros) by extensions ['ros']
[0.144s] Level 1:colcon.colcon_core.package_identification:_identify(mcs/ros) by extension 'ros'
[0.144s] Level 1:colcon.colcon_core.package_identification:_identify(mcs/ros) by extensions ['cmake', 'python']
[0.144s] Level 1:colcon.colcon_core.package_identification:_identify(mcs/ros) by extension 'cmake'
[0.144s] Level 1:colcon.colcon_core.package_identification:_identify(mcs/ros) by extension 'python'
[0.144s] Level 1:colcon.colcon_core.package_identification:_identify(mcs/ros) by extensions ['python_setup_py']
[0.144s] Level 1:colcon.colcon_core.package_identification:_identify(mcs/ros) by extension 'python_setup_py'
[0.144s] Level 1:colcon.colcon_core.package_identification:_identify(mcs/ros/__pycache__) by extensions ['ignore', 'ignore_ament_install']
[0.144s] Level 1:colcon.colcon_core.package_identification:_identify(mcs/ros/__pycache__) by extension 'ignore'
[0.144s] Level 1:colcon.colcon_core.package_identification:_identify(mcs/ros/__pycache__) by extension 'ignore_ament_install'
[0.144s] Level 1:colcon.colcon_core.package_identification:_identify(mcs/ros/__pycache__) by extensions ['colcon_pkg']
[0.144s] Level 1:colcon.colcon_core.package_identification:_identify(mcs/ros/__pycache__) by extension 'colcon_pkg'
[0.144s] Level 1:colcon.colcon_core.package_identification:_identify(mcs/ros/__pycache__) by extensions ['colcon_meta']
[0.144s] Level 1:colcon.colcon_core.package_identification:_identify(mcs/ros/__pycache__) by extension 'colcon_meta'
[0.144s] Level 1:colcon.colcon_core.package_identification:_identify(mcs/ros/__pycache__) by extensions ['ros']
[0.144s] Level 1:colcon.colcon_core.package_identification:_identify(mcs/ros/__pycache__) by extension 'ros'
[0.144s] Level 1:colcon.colcon_core.package_identification:_identify(mcs/ros/__pycache__) by extensions ['cmake', 'python']
[0.144s] Level 1:colcon.colcon_core.package_identification:_identify(mcs/ros/__pycache__) by extension 'cmake'
[0.144s] Level 1:colcon.colcon_core.package_identification:_identify(mcs/ros/__pycache__) by extension 'python'
[0.144s] Level 1:colcon.colcon_core.package_identification:_identify(mcs/ros/__pycache__) by extensions ['python_setup_py']
[0.144s] Level 1:colcon.colcon_core.package_identification:_identify(mcs/ros/__pycache__) by extension 'python_setup_py'
[0.144s] Level 1:colcon.colcon_core.package_identification:_identify(mcs/utils) by extensions ['ignore', 'ignore_ament_install']
[0.144s] Level 1:colcon.colcon_core.package_identification:_identify(mcs/utils) by extension 'ignore'
[0.145s] Level 1:colcon.colcon_core.package_identification:_identify(mcs/utils) by extension 'ignore_ament_install'
[0.145s] Level 1:colcon.colcon_core.package_identification:_identify(mcs/utils) by extensions ['colcon_pkg']
[0.145s] Level 1:colcon.colcon_core.package_identification:_identify(mcs/utils) by extension 'colcon_pkg'
[0.145s] Level 1:colcon.colcon_core.package_identification:_identify(mcs/utils) by extensions ['colcon_meta']
[0.145s] Level 1:colcon.colcon_core.package_identification:_identify(mcs/utils) by extension 'colcon_meta'
[0.145s] Level 1:colcon.colcon_core.package_identification:_identify(mcs/utils) by extensions ['ros']
[0.145s] Level 1:colcon.colcon_core.package_identification:_identify(mcs/utils) by extension 'ros'
[0.145s] Level 1:colcon.colcon_core.package_identification:_identify(mcs/utils) by extensions ['cmake', 'python']
[0.145s] Level 1:colcon.colcon_core.package_identification:_identify(mcs/utils) by extension 'cmake'
[0.145s] Level 1:colcon.colcon_core.package_identification:_identify(mcs/utils) by extension 'python'
[0.145s] Level 1:colcon.colcon_core.package_identification:_identify(mcs/utils) by extensions ['python_setup_py']
[0.145s] Level 1:colcon.colcon_core.package_identification:_identify(mcs/utils) by extension 'python_setup_py'
[0.145s] Level 1:colcon.colcon_core.package_identification:_identify(mcs/utils/__pycache__) by extensions ['ignore', 'ignore_ament_install']
[0.145s] Level 1:colcon.colcon_core.package_identification:_identify(mcs/utils/__pycache__) by extension 'ignore'
[0.145s] Level 1:colcon.colcon_core.package_identification:_identify(mcs/utils/__pycache__) by extension 'ignore_ament_install'
[0.145s] Level 1:colcon.colcon_core.package_identification:_identify(mcs/utils/__pycache__) by extensions ['colcon_pkg']
[0.145s] Level 1:colcon.colcon_core.package_identification:_identify(mcs/utils/__pycache__) by extension 'colcon_pkg'
[0.145s] Level 1:colcon.colcon_core.package_identification:_identify(mcs/utils/__pycache__) by extensions ['colcon_meta']
[0.145s] Level 1:colcon.colcon_core.package_identification:_identify(mcs/utils/__pycache__) by extension 'colcon_meta'
[0.145s] Level 1:colcon.colcon_core.package_identification:_identify(mcs/utils/__pycache__) by extensions ['ros']
[0.145s] Level 1:colcon.colcon_core.package_identification:_identify(mcs/utils/__pycache__) by extension 'ros'
[0.145s] Level 1:colcon.colcon_core.package_identification:_identify(mcs/utils/__pycache__) by extensions ['cmake', 'python']
[0.145s] Level 1:colcon.colcon_core.package_identification:_identify(mcs/utils/__pycache__) by extension 'cmake'
[0.145s] Level 1:colcon.colcon_core.package_identification:_identify(mcs/utils/__pycache__) by extension 'python'
[0.145s] Level 1:colcon.colcon_core.package_identification:_identify(mcs/utils/__pycache__) by extensions ['python_setup_py']
[0.145s] Level 1:colcon.colcon_core.package_identification:_identify(mcs/utils/__pycache__) by extension 'python_setup_py'
[0.145s] Level 1:colcon.colcon_core.package_discovery:discover_packages(recursive) using defaults
[0.145s] Level 1:colcon.colcon_core.package_discovery:discover_packages(ignore) discover
[0.145s] Level 1:colcon.colcon_core.package_discovery:discover_packages(ignore) using defaults
[0.145s] Level 1:colcon.colcon_core.package_discovery:discover_packages(path) discover
[0.145s] Level 1:colcon.colcon_core.package_discovery:discover_packages(path) using defaults
[0.161s] INFO:colcon.colcon_core.executor:Executing jobs using 'parallel' executor
[0.162s] DEBUG:colcon.colcon_parallel_executor.executor.parallel:run_until_complete
[0.162s] DEBUG:colcon.colcon_parallel_executor.executor.parallel:closing loop
[0.162s] DEBUG:colcon.colcon_parallel_executor.executor.parallel:loop closed
[0.162s] DEBUG:colcon.colcon_parallel_executor.executor.parallel:run_until_complete finished with '0'
[0.162s] DEBUG:colcon.colcon_core.event_reactor:joining thread
[0.167s] INFO:colcon.colcon_core.plugin_system:Skipping extension 'colcon_notification.desktop_notification.terminal_notifier': Not used on non-Darwin systems
[0.167s] INFO:colcon.colcon_core.plugin_system:Skipping extension 'colcon_notification.desktop_notification.win32': Not used on non-Windows systems
[0.167s] INFO:colcon.colcon_notification.desktop_notification:Sending desktop notification using 'notify2'
[0.182s] DEBUG:colcon.colcon_core.event_reactor:joined thread
[0.185s] INFO:colcon.colcon_core.plugin_system:Skipping extension 'colcon_core.shell.bat': Not used on non-Windows systems
[0.185s] INFO:colcon.colcon_core.shell:Creating prefix script '/home/kyyrron/ros2_ws/src/BlueBoat-SideScanSonar/BlueBoat-MCS/install/local_setup.sh'
[0.185s] INFO:colcon.colcon_core.shell:Creating prefix util module '/home/kyyrron/ros2_ws/src/BlueBoat-SideScanSonar/BlueBoat-MCS/install/_local_setup_util_sh.py'
[0.186s] INFO:colcon.colcon_core.shell:Creating prefix chain script '/home/kyyrron/ros2_ws/src/BlueBoat-SideScanSonar/BlueBoat-MCS/install/setup.sh'
[0.188s] INFO:colcon.colcon_core.shell:Creating prefix script '/home/kyyrron/ros2_ws/src/BlueBoat-SideScanSonar/BlueBoat-MCS/install/local_setup.bash'
[0.188s] INFO:colcon.colcon_core.shell:Creating prefix chain script '/home/kyyrron/ros2_ws/src/BlueBoat-SideScanSonar/BlueBoat-MCS/install/setup.bash'
[0.189s] INFO:colcon.colcon_core.shell:Creating prefix script '/home/kyyrron/ros2_ws/src/BlueBoat-SideScanSonar/BlueBoat-MCS/install/local_setup.zsh'
[0.189s] INFO:colcon.colcon_core.shell:Creating prefix chain script '/home/kyyrron/ros2_ws/src/BlueBoat-SideScanSonar/BlueBoat-MCS/install/setup.zsh'
